// Jest Snapshot v1, https://goo.gl/fbAQLP

exports[`TripPage matches snapshot from 4.30.2025 1`] = `
<div>
  <div>
    <button
      style="margin: 20px; padding: 10px;"
    >
      Test Fetch Trips by User ID
    </button>
    <button
      style="margin: 20px; padding: 10px;"
    >
      Test Fetch Trip by ID
    </button>
  </div>
</div>
`;
